###############################################################################
#
# IAR ELF Linker V9.10.1.308/W64 for ARM                  11/Mar/2022  09:15:32
# Copyright 2007-2021 IAR Systems AB.
#
#    Output file  =  C:\Users\erik9\Desktop\DSTII\LABB1\Debug\Exe\labb1.out
#    Map file     =  C:\Users\erik9\Desktop\DSTII\LABB1\Debug\List\labb1.map
#    Command line =
#        -f C:\Users\erik9\Desktop\DSTII\LABB1\Debug\Exe\labb1.out.rsp
#        (C:\Users\erik9\Desktop\DSTII\LABB1\Debug\Obj\context_switching_functions_march_2019.o
#        C:\Users\erik9\Desktop\DSTII\LABB1\Debug\Obj\cstartup.o
#        C:\Users\erik9\Desktop\DSTII\LABB1\Debug\Obj\exceptions.o
#        C:\Users\erik9\Desktop\DSTII\LABB1\Debug\Obj\kernel_functions.o
#        C:\Users\erik9\Desktop\DSTII\LABB1\Debug\Obj\linkedlist.o
#        C:\Users\erik9\Desktop\DSTII\LABB1\Debug\Obj\main.o
#        C:\Users\erik9\Desktop\DSTII\LABB1\Debug\Obj\startup_sam3x.o
#        C:\Users\erik9\Desktop\DSTII\LABB1\Debug\Obj\system_sam3x.o
#        --no_out_extension -o
#        C:\Users\erik9\Desktop\DSTII\LABB1\Debug\Exe\labb1.out --redirect
#        _Printf=_PrintfFullNoMb --redirect _Scanf=_ScanfFullNoMb --map
#        C:\Users\erik9\Desktop\DSTII\LABB1\Debug\List\labb1.map --config
#        C:\Users\erik9\Desktop\DSTII\LABB1\sam3x8-sram_BigHeap.icf
#        --semihosting --entry __iar_program_start --vfe --text_out locale)
#
###############################################################################

*******************************************************************************
*** RUNTIME MODEL ATTRIBUTES
***

CppFlavor       = *
__Heap_Handler  = Basic
__SystemLibrary = DLib
__dlib_version  = 6


*******************************************************************************
*** HEAP SELECTION
***

The basic heap was selected because some modules are built with
size limitations (and not runtime checking), and --advanced_heap
was not specified.


*******************************************************************************
*** PLACEMENT SUMMARY
***

"A0":  place at address 0x2007'0000 { ro section .intvec };
"P1":  place in [from 0x2007'0000 to 0x2008'7fff] { ro };
define block CSTACK with size = 2K, alignment = 8 { };
define block HEAP with size = 8K, alignment = 8 { };
"P2":  place in [from 0x2007'0000 to 0x2008'7fff] {
          rw, block CSTACK, block HEAP };
initialize by copy with packing = copy, complex ranges { rw };

  Section            Kind         Address    Size  Object
  -------            ----         -------    ----  ------
"A0":                                        0xf4
  .intvec                     0x2007'0000    0xf4  <Block>
    .intvec          const    0x2007'0000    0xf4  startup_sam3x.o [1]
                            - 0x2007'00f4    0xf4

"P1-P2", part 1 of 2:                      0x11c0
  .text              ro code  0x2007'00f4   0x608  kernel_functions.o [1]
  .text              ro code  0x2007'06fc   0x158  heap0.o [2]
  .text              ro code  0x2007'0854   0x268  linkedlist.o [1]
  .text              ro code  0x2007'0abc   0x1c8  context_switching_functions_march_2019.o [1]
  .text              ro code  0x2007'0c84     0x4  heaptramp0.o [2]
  .text              ro code  0x2007'0c88    0xa6  ABImemcpy.o [4]
  .text              ro code  0x2007'0d2e    0x2a  copy_init3.o [4]
  .text              ro code  0x2007'0d58    0x2c  xgetmemchunk.o [2]
  .text              ro code  0x2007'0d84    0x12  xxmemxmemzero.o [2]
  .text              ro code  0x2007'0d96     0x2  exceptions.o [1]
  .text              ro code  0x2007'0d98   0x2d8  main.o [1]
  .text              ro code  0x2007'1070    0xb8  system_sam3x.o [1]
  .text              ro code  0x2007'1128    0x34  startup_sam3x.o [1]
  .text              ro code  0x2007'115c     0xc  cstartup.o [1]
  .text              ro code  0x2007'1168    0x1e  cmain.o [4]
  .text              ro code  0x2007'1188    0x28  data_init.o [4]
  .text              ro code  0x2007'11b0     0x4  exit.o [2]
  .text              ro code  0x2007'11b4     0xa  cexit.o [4]
  .text              ro code  0x2007'11c0    0x14  exit.o [5]
  .text              ro code  0x2007'11d4    0x2c  iarttio.o [5]
  .text              ro code  0x2007'1200     0x8  XShttio.o [2]
  .iar.init_table    const    0x2007'1208    0x14  - Linker created -
  .rodata            const    0x2007'121c     0x0  copy_init3.o [4]
  P1-P2 s0                    0x2007'121c    0x4c  <Init block>
    .data            inited   0x2007'121c     0x8  XShttio.o [2]
    .bss             inited   0x2007'1224     0x8  heap0.o [2]
    .data            inited   0x2007'122c     0x4  main.o [1]
    .data            inited   0x2007'1230     0x4  main.o [1]
    .data            inited   0x2007'1234     0x4  system_sam3x.o [1]
    .bss             inited   0x2007'1238     0x4  kernel_functions.o [1]
    .bss             inited   0x2007'123c     0x4  kernel_functions.o [1]
    .bss             inited   0x2007'1240     0x4  kernel_functions.o [1]
    .bss             inited   0x2007'1244     0x4  kernel_functions.o [1]
    .bss             inited   0x2007'1248     0x4  kernel_functions.o [1]
    .bss             inited   0x2007'124c     0x4  kernel_functions.o [1]
    .bss             inited   0x2007'1250     0x4  kernel_functions.o [1]
    .bss             inited   0x2007'1254     0x4  main.o [1]
    .bss             inited   0x2007'1258     0x4  main.o [1]
    .bss             inited   0x2007'125c     0x4  main.o [1]
    .bss             inited   0x2007'1260     0x4  main.o [1]
    .bss             inited   0x2007'1264     0x4  xgetmemchunk.o [2]
  Initializer bytes  const    0x2007'1268    0x4c  <for P1-P2 s0>
                            - 0x2007'12b4  0x11c0

"P1-P2", part 2 of 2:                      0x2800
  CSTACK                      0x2007'12b8   0x800  <Block>
    CSTACK           uninit   0x2007'12b8   0x800  <Block tail>
  HEAP                        0x2007'1ab8  0x2000  <Block>
    HEAP             uninit   0x2007'1ab8  0x2000  <Block tail>
                            - 0x2007'3ab8  0x2800

Unused ranges:

         From           To      Size
         ----           --      ----
  0x2007'12b4  0x2007'12b7       0x4
  0x2007'3ab8  0x2008'7fff  0x1'4548


*******************************************************************************
*** INIT TABLE
***

          Address      Size
          -------      ----
Copy (__iar_copy_init3)
    1 source range, total size 0x4c:
          0x2007'1268  0x4c
    1 destination range, total size 0x4c:
          0x2007'121c  0x4c



*******************************************************************************
*** MODULE SUMMARY
***

    Module                                    ro code  ro data  rw data
    ------                                    -------  -------  -------
command line/config:
    -------------------------------------------------------------------
    Total:

C:\Users\erik9\Desktop\DSTII\LABB1\Debug\Obj: [1]
    context_switching_functions_march_2019.o      456
    cstartup.o                                     12
    exceptions.o                                    2
    kernel_functions.o                          1'544       28       28
    linkedlist.o                                  616
    main.o                                        728       24       24
    startup_sam3x.o                                52      244
    system_sam3x.o                                184        4        4
    -------------------------------------------------------------------
    Total:                                      3'594      300       56

dl7M_tln.a: [2]
    XShttio.o                                       8        8        8
    exit.o                                          4
    heap0.o                                       344        8        8
    heaptramp0.o                                    4
    xgetmemchunk.o                                 44        4        4
    xxmemxmemzero.o                                18
    -------------------------------------------------------------------
    Total:                                        422       20       20

m7M_tl.a: [3]
    -------------------------------------------------------------------
    Total:

rt7M_tl.a: [4]
    ABImemcpy.o                                   166
    cexit.o                                        10
    cmain.o                                        30
    copy_init3.o                                   42
    data_init.o                                    40
    -------------------------------------------------------------------
    Total:                                        288

shb_l.a: [5]
    exit.o                                         20
    iarttio.o                                      44
    -------------------------------------------------------------------
    Total:                                         64

    Gaps                                            4
    Linker created                                          20   10'240
-----------------------------------------------------------------------
    Grand Total:                                4'372      340   10'316


*******************************************************************************
*** ENTRY LIST
***

Entry                       Address   Size  Type      Object
-----                       -------   ----  ----      ------
.iar.init_table$$Base   0x2007'1208          --   Gb  - Linker created -
.iar.init_table$$Limit  0x2007'121c          --   Gb  - Linker created -
.intvec$$Base           0x2007'0000          --   Gb  - Linker created -
.intvec$$Limit          0x2007'00f4          --   Gb  - Linker created -
?main                   0x2007'1169         Code  Gb  cmain.o [4]
ADC_Handler             0x2007'0d97    0x2  Code  Wk  exceptions.o [1]
Aldata                  0x2007'1224    0x8  Data  Lc  heap0.o [2]
BusFault_Handler        0x2007'0d97    0x2  Code  Wk  exceptions.o [1]
CAN0_Handler            0x2007'0d97    0x2  Code  Wk  exceptions.o [1]
CAN1_Handler            0x2007'0d97    0x2  Code  Wk  exceptions.o [1]
CSTACK$$Base            0x2007'12b8          --   Gb  - Linker created -
CSTACK$$Limit           0x2007'1ab8          --   Gb  - Linker created -
DACC_Handler            0x2007'0d97    0x2  Code  Wk  exceptions.o [1]
DMAC_Handler            0x2007'0d97    0x2  Code  Wk  exceptions.o [1]
DebugMon_Handler        0x2007'0d97    0x2  Code  Wk  exceptions.o [1]
Dummy_Handler           0x2007'0d97    0x2  Code  Gb  exceptions.o [1]
EFC0_Handler            0x2007'0d97    0x2  Code  Wk  exceptions.o [1]
EFC1_Handler            0x2007'0d97    0x2  Code  Wk  exceptions.o [1]
HEAP$$Base              0x2007'1ab8          --   Gb  - Linker created -
HEAP$$Limit             0x2007'3ab8          --   Gb  - Linker created -
HSMCI_Handler           0x2007'0d97    0x2  Code  Wk  exceptions.o [1]
HardFault_Handler       0x2007'0d97    0x2  Code  Wk  exceptions.o [1]
KernelMode              0x2007'123c    0x4  Data  Gb  kernel_functions.o [1]
LoadContext_In_Run      0x2007'0be5         Code  Gb  context_switching_functions_march_2019.o [1]
LoadContext_In_Terminate
                        0x2007'0bd7         Code  Gb  context_switching_functions_march_2019.o [1]
MemManage_Handler       0x2007'0d97    0x2  Code  Wk  exceptions.o [1]
NMI_Handler             0x2007'0d97    0x2  Code  Wk  exceptions.o [1]
NVIC_SetPriority        0x2007'0d99   0x24  Code  Lc  main.o [1]
NextTask                0x2007'1244    0x4  Data  Gb  kernel_functions.o [1]
PIOA_Handler            0x2007'0d97    0x2  Code  Wk  exceptions.o [1]
PIOB_Handler            0x2007'0d97    0x2  Code  Wk  exceptions.o [1]
PIOC_Handler            0x2007'0d97    0x2  Code  Wk  exceptions.o [1]
PIOD_Handler            0x2007'0d97    0x2  Code  Wk  exceptions.o [1]
PMC_Handler             0x2007'0d97    0x2  Code  Wk  exceptions.o [1]
PWM_Handler             0x2007'0d97    0x2  Code  Wk  exceptions.o [1]
PendSV_Handler          0x2007'0d97    0x2  Code  Wk  exceptions.o [1]
PreviousTask            0x2007'1240    0x4  Data  Gb  kernel_functions.o [1]
RSTC_Handler            0x2007'0d97    0x2  Code  Wk  exceptions.o [1]
RTC_Handler             0x2007'0d97    0x2  Code  Wk  exceptions.o [1]
RTT_Handler             0x2007'0d97    0x2  Code  Wk  exceptions.o [1]
ReadyList               0x2007'1248    0x4  Data  Gb  kernel_functions.o [1]
Region$$Table$$Base     0x2007'1208          --   Gb  - Linker created -
Region$$Table$$Limit    0x2007'121c          --   Gb  - Linker created -
Reset_Handler           0x2007'1155    0x8  Code  Gb  startup_sam3x.o [1]
SPI0_Handler            0x2007'0d97    0x2  Code  Wk  exceptions.o [1]
SSC_Handler             0x2007'0d97    0x2  Code  Wk  exceptions.o [1]
SUPC_Handler            0x2007'0d97    0x2  Code  Wk  exceptions.o [1]
SVC_Handler             0x2007'0b0d         Code  Gb  context_switching_functions_march_2019.o [1]
SwitchContext           0x2007'0bc9         Code  Gb  context_switching_functions_march_2019.o [1]
SysTick_Config          0x2007'0dbd   0x30  Code  Lc  main.o [1]
SysTick_Handler         0x2007'0abd         Code  Gb  context_switching_functions_march_2019.o [1]
SystemCoreClock         0x2007'1234    0x4  Data  Gb  system_sam3x.o [1]
SystemInit              0x2007'1071   0x86  Code  Gb  system_sam3x.o [1]
TC0_Handler             0x2007'0d97    0x2  Code  Wk  exceptions.o [1]
TC1_Handler             0x2007'0d97    0x2  Code  Wk  exceptions.o [1]
TC2_Handler             0x2007'0d97    0x2  Code  Wk  exceptions.o [1]
TC3_Handler             0x2007'0d97    0x2  Code  Wk  exceptions.o [1]
TC4_Handler             0x2007'0d97    0x2  Code  Wk  exceptions.o [1]
TC5_Handler             0x2007'0d97    0x2  Code  Wk  exceptions.o [1]
TRNG_Handler            0x2007'0d97    0x2  Code  Wk  exceptions.o [1]
TWI0_Handler            0x2007'0d97    0x2  Code  Wk  exceptions.o [1]
TWI1_Handler            0x2007'0d97    0x2  Code  Wk  exceptions.o [1]
Ticks                   0x2007'1238    0x4  Data  Gb  kernel_functions.o [1]
TimerInt                0x2007'06c7   0x12  Code  Gb  kernel_functions.o [1]
TimerList               0x2007'1250    0x4  Data  Gb  kernel_functions.o [1]
UART_Handler            0x2007'0d97    0x2  Code  Wk  exceptions.o [1]
UOTGHS_Handler          0x2007'0d97    0x2  Code  Wk  exceptions.o [1]
USART0_Handler          0x2007'0d97    0x2  Code  Wk  exceptions.o [1]
USART1_Handler          0x2007'0d97    0x2  Code  Wk  exceptions.o [1]
USART2_Handler          0x2007'0d97    0x2  Code  Wk  exceptions.o [1]
UsageFault_Handler      0x2007'0d97    0x2  Code  Wk  exceptions.o [1]
WDT_Handler             0x2007'0d97    0x2  Code  Wk  exceptions.o [1]
WaitingList             0x2007'124c    0x4  Data  Gb  kernel_functions.o [1]
__aeabi_memcpy          0x2007'0c89         Code  Gb  ABImemcpy.o [4]
__aeabi_memcpy4         0x2007'0ca9         Code  Gb  ABImemcpy.o [4]
__aeabi_memcpy8         0x2007'0ca9         Code  Gb  ABImemcpy.o [4]
__basic_calloc          0x2007'081b   0x36  Code  Gb  heap0.o [2]
__basic_free            0x2007'0791   0x16  Code  Gb  heap0.o [2]
__basic_free_intern     0x2007'07a7   0x74  Code  Lc  heap0.o [2]
__basic_malloc_intern   0x2007'06fd   0x94  Code  Lc  heap0.o [2]
__cmain                 0x2007'1169         Code  Gb  cmain.o [4]
__data_GetMemChunk      0x2007'0d59   0x2c  Code  Gb  xgetmemchunk.o [2]
__data_GetMemChunk::start
                        0x2007'1264    0x4  Data  Lc  xgetmemchunk.o [2]
__data_memzero          0x2007'0d85   0x12  Code  Gb  xxmemxmemzero.o [2]
__exit                  0x2007'11c1   0x14  Code  Gb  exit.o [5]
__iar_close_ttio        0x2007'11d5   0x2c  Code  Gb  iarttio.o [5]
__iar_copy_init3        0x2007'0d2f   0x2a  Code  Gb  copy_init3.o [4]
__iar_data_init3        0x2007'1189   0x28  Code  Gb  data_init.o [4]
__iar_lookup_ttioh      0x2007'1201    0x8  Code  Gb  XShttio.o [2]
__iar_program_start     0x2007'115d         Code  Gb  cstartup.o [1]
__iar_ttio_handles      0x2007'121c    0x8  Data  Lc  XShttio.o [2]
__low_level_init        0x2007'1129   0x24  Code  Gb  startup_sam3x.o [1]
__region_NFC_RAM_end__ {Abs}
                        0x2010'0fff         Data  Gb  <internal module>
__region_NFC_RAM_start__ {Abs}
                        0x2010'0000         Data  Gb  <internal module>
__region_RAM0_end__ {Abs}
                        0x2000'ffff         Data  Gb  <internal module>
__region_RAM0_size__ {Abs}
                           0x1'0000         Data  Gb  <internal module>
__region_RAM0_start__ {Abs}
                        0x2000'0000         Data  Gb  <internal module>
__region_RAM1_end__ {Abs}
                        0x2008'7fff         Data  Gb  <internal module>
__region_RAM1_size__ {Abs}
                             0x8000         Data  Gb  <internal module>
__region_RAM1_start__ {Abs}
                        0x2008'0000         Data  Gb  <internal module>
__region_RAM_end__ {Abs}
                        0x2008'7fff         Data  Gb  <internal module>
__region_RAM_size__ {Abs}
                           0x1'8000         Data  Gb  <internal module>
__region_RAM_start__ {Abs}
                        0x2007'0000         Data  Gb  <internal module>
__vector_table          0x2007'0000   0xf4  Data  Gb  startup_sam3x.o [1]
_call_main              0x2007'1175         Code  Gb  cmain.o [4]
_exit                   0x2007'11b5         Code  Gb  cexit.o [4]
addMessage              0x2007'08bf   0x42  Code  Gb  linkedlist.o [1]
charMbox                0x2007'125c    0x4  Data  Gb  main.o [1]
checkSleep              0x2007'09f3   0xb2  Code  Gb  linkedlist.o [1]
create_mailbox          0x2007'02b1   0x38  Code  Gb  kernel_functions.o [1]
create_task             0x2007'01a9   0xa8  Code  Gb  kernel_functions.o [1]
detachFirst             0x2007'0885   0x3a  Code  Gb  linkedlist.o [1]
exit                    0x2007'11b1    0x4  Code  Gb  exit.o [2]
extract                 0x2007'0971   0x82  Code  Gb  linkedlist.o [1]
extractFirst            0x2007'0855   0x30  Code  Gb  linkedlist.o [1]
free                    0x2007'0c85    0x4  Code  Gb  heaptramp0.o [2]
g0                      0x2007'1254    0x4  Data  Gb  main.o [1]
g1                      0x2007'1258    0x4  Data  Gb  main.o [1]
high_deadline           0x2007'1230    0x4  Data  Gb  main.o [1]
idle                    0x2007'00f5    0x2  Code  Gb  kernel_functions.o [1]
init_kernel             0x2007'00f7   0xb2  Code  Gb  kernel_functions.o [1]
insert                  0x2007'0901   0x70  Code  Gb  linkedlist.o [1]
intMbox                 0x2007'1260    0x4  Data  Gb  main.o [1]
isr_off                 0x2007'0c67         Code  Gb  context_switching_functions_march_2019.o [1]
isr_on                  0x2007'0c5d         Code  Gb  context_switching_functions_march_2019.o [1]
low_deadline            0x2007'122c    0x4  Data  Gb  main.o [1]
main                    0x2007'0f41   0xe4  Code  Gb  main.o [1]
receive_no_wait         0x2007'0635   0x8c  Code  Gb  kernel_functions.o [1]
receive_wait            0x2007'042b  0x130  Code  Gb  kernel_functions.o [1]
run                     0x2007'0289   0x28  Code  Gb  kernel_functions.o [1]
send_no_wait            0x2007'055b   0xda  Code  Gb  kernel_functions.o [1]
send_wait               0x2007'02e9  0x142  Code  Gb  kernel_functions.o [1]
switch_to_stack_of_next_task
                        0x2007'0c49         Code  Gb  context_switching_functions_march_2019.o [1]
task_body_1             0x2007'0ded  0x112  Code  Gb  main.o [1]
task_body_2             0x2007'0eff   0x2a  Code  Gb  main.o [1]
task_body_3             0x2007'0f29   0x18  Code  Gb  main.o [1]
terminate               0x2007'0251   0x38  Code  Gb  kernel_functions.o [1]
ticks                   0x2007'06c1    0x6  Code  Gb  kernel_functions.o [1]


[1] = C:\Users\erik9\Desktop\DSTII\LABB1\Debug\Obj
[2] = dl7M_tln.a
[3] = m7M_tl.a
[4] = rt7M_tl.a
[5] = shb_l.a

   4'372 bytes of readonly  code memory
     340 bytes of readonly  data memory
  10'316 bytes of readwrite data memory

Errors: none
Warnings: none
